// Jest Snapshot v1, https://goo.gl/fbAQLP

exports[`Keywords should give a requested joke 1`] = `
"Here is joke number 5:
Why did the \${noun:man} \${verb:throw} a \${noun:butterfly} out of the \${noun:window}?
Because he \${verb:wanted} it to be able to \${verb:smell} around the \${noun:world}!"
`;
