// Jest Snapshot v1, https://goo.gl/fbAQLP

exports[`Keywords should help 1`] = `
"Here are keywords you can use:

- coinflip
- help
- joke
- name
- ninjafact
- play
- pokemonfact
- random
- remember
- repeat
- roll
- say
- score
- starwarsfact
- superherofact
- what"
`;

exports[`Keywords should repeat 1`] = `"💀 💀 💀 💀 💀 💀 💀 💀 💀 💀 💀 💀 💀 💀 💀 💀 💀 💀 💀 💀 💀 💀 💀 💀 💀 💀 💀 💀 💀 💀 💀 💀 💀 💀 💀 💀 💀 💀 💀 💀 💀 💀 💀 💀 💀 💀 💀 💀 💀 💀 💀 💀 💀 💀 💀 💀 💀 💀 💀 💀 💀 💀 💀 💀 💀 💀 💀 💀 💀 💀 💀 💀 💀 💀 💀 💀 💀 💀 💀 💀 💀 💀 💀 💀 💀 💀 💀 💀 💀 💀 💀 💀 💀 💀 💀 💀 💀 💀 💀 💀 💀 💀 💀 💀 💀 💀 💀 💀 💀 💀 💀 💀 💀 💀 💀 💀 💀 💀 💀 💀 💀 💀 💀 💀 💀 💀 💀 💀 💀 💀 💀 💀 💀 💀 💀 💀 💀 💀 💀 💀 💀 💀 💀 💀 💀 💀 💀 💀 💀 💀 💀 💀 💀 💀 💀 💀 💀 💀 💀 💀 💀 💀 💀 💀 💀 💀 💀 💀 💀 💀 💀 💀 💀 💀 💀 💀 💀 💀 💀 💀 💀 💀 💀 💀 💀 💀 💀 💀 💀 💀 💀 💀 💀 💀 💀 💀 💀 💀 💀 💀 💀 💀 💀 💀 💀 💀 💀 💀 💀 💀 💀 💀 💀 💀 💀 💀 💀 💀 💀 💀 💀 💀 💀 💀 💀 💀 💀 💀 💀 💀 💀 💀 💀 💀 💀 💀 💀 💀 💀 💀 💀 💀 💀 💀 💀 💀 💀 💀 💀 💀 💀 💀 💀 💀 💀 💀 💀 💀 💀 💀 💀 💀 💀 💀 💀 💀 💀 💀 💀 💀 💀 💀 💀 💀 💀 💀 💀 💀 💀 💀 💀 💀 💀 💀 💀 💀 💀 💀 💀 💀 💀 💀 💀 💀 💀 💀 💀 💀 💀 💀 💀 💀 💀 💀 💀 💀 💀 💀 💀 💀 💀 💀 💀 💀 💀 💀 💀 💀 💀 💀 💀 💀 💀 💀 💀 💀 💀 💀 💀 💀 💀 💀 💀 💀 💀 💀 💀 💀 💀 💀 💀 💀 💀 💀 💀 💀 💀 💀 💀 💀 💀 💀 💀 💀 💀 💀 💀 💀 💀 💀 💀 💀 💀 💀 💀 💀 💀 💀 💀 💀 💀 💀 💀 💀 💀 💀 💀 💀 💀 💀 💀 💀 💀 💀 💀 💀 💀 💀 💀 💀 💀 💀 💀 💀 💀 💀 💀 💀 💀 💀 💀 💀 💀 💀 💀 💀 💀 💀 💀 💀 💀 💀 💀 💀 💀 💀 💀 💀 💀 💀 💀 💀 💀 💀 💀 💀 💀 💀 💀 💀 💀 💀 💀 💀 💀 💀 💀 💀 💀 💀 💀 💀 💀 💀 💀 💀 💀 💀 💀 💀"`;

exports[`Keywords should say 1`] = `"mama say mama saw"`;

exports[`Keywords should what 1`] = `"🍍"`;

exports[`Keywords should what 2`] = `
"I said:
> 🍍"
`;
